// Jest Snapshot v1, https://goo.gl/fbAQLP

exports[`<PackageSidebar /> : <Dependencies /> should load dependencies 1`] = `"<div class=\\"module dependenciesModule\\"><h2 class=\\"moduleTitle\\">Dependencies</h2><div><ul><li class=\\"dependency-item\\" title=\\"Depend on version: 0.0.3\\"><a href=\\"http://localhost/-/web/version/@verdaccio/file-locking\\">@verdaccio/file-locking</a><span>,&amp;nbsp;</span></li><li class=\\"dependency-item\\" title=\\"Depend on version: 0.0.2\\"><a href=\\"http://localhost/-/web/version/@verdaccio/streams\\">@verdaccio/streams</a><span>,&amp;nbsp;</span></li><li class=\\"dependency-item\\" title=\\"Depend on version: ^1.1.1\\"><a href=\\"http://localhost/-/web/version/JSONStream\\">JSONStream</a><span>,&amp;nbsp;</span></li><li class=\\"dependency-item\\" title=\\"Depend on version: ^1.1.2\\"><a href=\\"http://localhost/-/web/version/apache-md5\\">apache-md5</a><span>,&amp;nbsp;</span></li><li class=\\"dependency-item\\" title=\\"Depend on version: ^2.0.1\\"><a href=\\"http://localhost/-/web/version/async\\">async</a><span>,&amp;nbsp;</span></li><li class=\\"dependency-item\\" title=\\"Depend on version: ^1.15.0\\"><a href=\\"http://localhost/-/web/version/body-parser\\">body-parser</a><span>,&amp;nbsp;</span></li><li class=\\"dependency-item\\" title=\\"Depend on version: ^1.8.0\\"><a href=\\"http://localhost/-/web/version/bunyan\\">bunyan</a><span>,&amp;nbsp;</span></li><li class=\\"dependency-item\\" title=\\"Depend on version: ^2.0.1\\"><a href=\\"http://localhost/-/web/version/chalk\\">chalk</a><span>,&amp;nbsp;</span></li><li class=\\"dependency-item\\" title=\\"Depend on version: ^2.11.0\\"><a href=\\"http://localhost/-/web/version/commander\\">commander</a><span>,&amp;nbsp;</span></li><li class=\\"dependency-item\\" title=\\"Depend on version: 1.6.2\\"><a href=\\"http://localhost/-/web/version/compression\\">compression</a><span>,&amp;nbsp;</span></li><li class=\\"dependency-item\\" title=\\"Depend on version: ^0.7.0\\"><a href=\\"http://localhost/-/web/version/cookies\\">cookies</a><span>,&amp;nbsp;</span></li><li class=\\"dependency-item\\" title=\\"Depend on version: ^2.8.3\\"><a href=\\"http://localhost/-/web/version/cors\\">cors</a><span>,&amp;nbsp;</span></li><li class=\\"dependency-item\\" title=\\"Depend on version: 4.15.3\\"><a href=\\"http://localhost/-/web/version/express\\">express</a><span>,&amp;nbsp;</span></li><li class=\\"dependency-item\\" title=\\"Depend on version: ^4.3.2\\"><a href=\\"http://localhost/-/web/version/global\\">global</a><span>,&amp;nbsp;</span></li><li class=\\"dependency-item\\" title=\\"Depend on version: 4.0.5\\"><a href=\\"http://localhost/-/web/version/handlebars\\">handlebars</a><span>,&amp;nbsp;</span></li><li class=\\"dependency-item\\" title=\\"Depend on version: ^1.4.0\\"><a href=\\"http://localhost/-/web/version/http-errors\\">http-errors</a><span>,&amp;nbsp;</span></li><li class=\\"dependency-item\\" title=\\"Depend on version: 1.0.1\\"><a href=\\"http://localhost/-/web/version/js-string-escape\\">js-string-escape</a><span>,&amp;nbsp;</span></li><li class=\\"dependency-item\\" title=\\"Depend on version: ^3.6.0\\"><a href=\\"http://localhost/-/web/version/js-yaml\\">js-yaml</a><span>,&amp;nbsp;</span></li><li class=\\"dependency-item\\" title=\\"Depend on version: ^7.4.1\\"><a href=\\"http://localhost/-/web/version/jsonwebtoken\\">jsonwebtoken</a><span>,&amp;nbsp;</span></li><li class=\\"dependency-item\\" title=\\"Depend on version: ^1.0.1\\"><a href=\\"http://localhost/-/web/version/lockfile\\">lockfile</a><span>,&amp;nbsp;</span></li><li class=\\"dependency-item\\" title=\\"Depend on version: 4.17.4\\"><a href=\\"http://localhost/-/web/version/lodash\\">lodash</a><span>,&amp;nbsp;</span></li><li class=\\"dependency-item\\" title=\\"Depend on version: ^0.7.0\\"><a href=\\"http://localhost/-/web/version/lunr\\">lunr</a><span>,&amp;nbsp;</span></li><li class=\\"dependency-item\\" title=\\"Depend on version: 0.3.6\\"><a href=\\"http://localhost/-/web/version/marked\\">marked</a><span>,&amp;nbsp;</span></li><li class=\\"dependency-item\\" title=\\"Depend on version: ^1.3.6\\"><a href=\\"http://localhost/-/web/version/mime\\">mime</a><span>,&amp;nbsp;</span></li><li class=\\"dependency-item\\" title=\\"Depend on version: ^3.0.2\\"><a href=\\"http://localhost/-/web/version/minimatch\\">minimatch</a><span>,&amp;nbsp;</span></li><li class=\\"dependency-item\\" title=\\"Depend on version: ^0.5.1\\"><a href=\\"http://localhost/-/web/version/mkdirp\\">mkdirp</a><span>,&amp;nbsp;</span></li><li class=\\"dependency-item\\" title=\\"Depend on version: ^0.4.0\\"><a href=\\"http://localhost/-/web/version/pkginfo\\">pkginfo</a><span>,&amp;nbsp;</span></li><li class=\\"dependency-item\\" title=\\"Depend on version: ^2.72.0\\"><a href=\\"http://localhost/-/web/version/request\\">request</a><span>,&amp;nbsp;</span></li><li class=\\"dependency-item\\" title=\\"Depend on version: ^5.1.0\\"><a href=\\"http://localhost/-/web/version/semver\\">semver</a><span>,&amp;nbsp;</span></li><li class=\\"dependency-item\\" title=\\"Depend on version: ^1.0.0\\"><a href=\\"http://localhost/-/web/version/unix-crypt-td-js\\">unix-crypt-td-js</a></li></ul></div></div>"`;

exports[`<PackageSidebar /> : <Dependencies /> should load the package without dependencies 1`] = `"<div class=\\"module dependenciesModule\\"><h2 class=\\"moduleTitle\\">Dependencies</h2><div><p class=\\"emptyPlaceholder\\">Zero Dependencies!</p></div></div>"`;

exports[`<PackageSidebar /> : <Dependencies /> should permit overriding title 1`] = `"<div class=\\"module dependenciesModule\\"><h2 class=\\"moduleTitle\\">Package dependencies</h2><div><p class=\\"emptyPlaceholder\\">Zero Dependencies!</p></div></div>"`;
