// Jest Snapshot v1, https://goo.gl/fbAQLP

exports[`<PackageSidebar /> : <Maintainers /> should match with the props 1`] = `"<div class=\\"module maintainersModule\\"><h2 class=\\"moduleTitle\\">Maintainers</h2><div><div><ul class=\\"maintainer-author\\"><div class=\\"maintainer\\" title=\\"User NPM\\"><img alt=\\"Author User NPM's avatar\\" src=\\"https://www.gravatar.com/avatar/a5a236ba477ee98908600c40cda74f4a\\" title=\\"Author User NPM's avatar\\"><span class=\\"maintainer-name\\">User NPM</span></div><div class=\\"maintainer\\" title=\\"030\\"><img alt=\\"Contributors 030's avatar\\" src=\\"https://www.gravatar.com/avatar/4ef03c2bf8d8689527903212d96fb45b\\" title=\\"Contributors 030's avatar\\"><span class=\\"maintainer-name\\">030</span></div><div class=\\"maintainer\\" title=\\"Alex Vernacchia\\"><img alt=\\"Contributors Alex Vernacchia's avatar\\" src=\\"https://www.gravatar.com/avatar/06975001f7f2be7052bcf978700c6112\\" title=\\"Contributors Alex Vernacchia's avatar\\"><span class=\\"maintainer-name\\">Alex Vernacchia</span></div><div class=\\"maintainer\\" title=\\"Alexander Makarenko\\"><img alt=\\"Contributors Alexander Makarenko's avatar\\" src=\\"https://www.gravatar.com/avatar/d9acfc4ed4e49a436738ff26a722dce4\\" title=\\"Contributors Alexander Makarenko's avatar\\"><span class=\\"maintainer-name\\">Alexander Makarenko</span></div><div class=\\"maintainer\\" title=\\"Alexandre-io\\"><img alt=\\"Contributors Alexandre-io's avatar\\" src=\\"https://www.gravatar.com/avatar/2e095c7cfd278f72825d0fed6e12e3b1\\" title=\\"Contributors Alexandre-io's avatar\\"><span class=\\"maintainer-name\\">Alexandre-io</span></div><div class=\\"maintainer\\" title=\\"Aram Drevekenin\\"><img alt=\\"Contributors Aram Drevekenin's avatar\\" src=\\"https://www.gravatar.com/avatar/371edff6d79c39bb9e36bde39d41a4b0\\" title=\\"Contributors Aram Drevekenin's avatar\\"><span class=\\"maintainer-name\\">Aram Drevekenin</span></div></ul><button class=\\"showAllContributors\\" title=\\"Current list only show the author and first 5 contributors unique by name\\">Show all contributor</button></div></div></div>"`;
